// Jest Snapshot v1, https://goo.gl/fbAQLP

exports[`Renders correctly with no shop 1`] = `
ShallowWrapper {
  "complexSelector": ComplexSelector {
    "buildPredicate": [Function],
    "childrenOfNode": [Function],
    "findWhereUnwrapped": [Function],
  },
  "length": 1,
  "node": <Redirect
    push={true}
    to="/login"
  />,
  "nodes": Array [
    <Redirect
      push={true}
      to="/login"
    />,
  ],
  "options": Object {},
  "renderer": ReactShallowRenderer {
    "_instance": ShallowComponentWrapper {
      "_calledComponentWillUnmount": false,
      "_compositeType": 2,
      "_context": Object {},
      "_currentElement": <CheckAuth
        shop={null}
        token="authToken"
      >
        <h1>
          It's Ok
        </h1>
      </CheckAuth>,
      "_debugID": 1,
      "_hostContainerInfo": null,
      "_hostParent": null,
      "_instance": StatelessComponent {
        "_reactInternalInstance": [Circular],
        "context": Object {},
        "props": Object {
          "children": <h1>
            It's Ok
          </h1>,
          "shop": null,
          "token": "authToken",
        },
        "refs": Object {},
        "state": null,
        "updater": Object {
          "enqueueCallback": [Function],
          "enqueueCallbackInternal": [Function],
          "enqueueElementInternal": [Function],
          "enqueueForceUpdate": [Function],
          "enqueueReplaceState": [Function],
          "enqueueSetState": [Function],
          "isMounted": [Function],
          "validateCallback": [Function],
        },
      },
      "_mountOrder": 1,
      "_pendingCallbacks": null,
      "_pendingElement": null,
      "_pendingForceUpdate": false,
      "_pendingReplaceState": false,
      "_pendingStateQueue": null,
      "_renderedComponent": NoopInternalComponent {
        "_currentElement": <Redirect
          push={true}
          to="/login"
        />,
        "_debugID": 2,
        "_renderedOutput": <Redirect
          push={true}
          to="/login"
        />,
      },
      "_renderedNodeType": 1,
      "_rootNodeID": 0,
      "_topLevelWrapper": null,
      "_updateBatchNumber": null,
      "_warnedAboutRefsInRender": false,
    },
    "getRenderOutput": [Function],
    "render": [Function],
  },
  "root": [Circular],
  "unrendered": <CheckAuth
    shop={null}
    token="authToken"
  >
    <h1>
      It's Ok
    </h1>
  </CheckAuth>,
}
`;

exports[`Renders correctly with no token 1`] = `
ShallowWrapper {
  "complexSelector": ComplexSelector {
    "buildPredicate": [Function],
    "childrenOfNode": [Function],
    "findWhereUnwrapped": [Function],
  },
  "length": 1,
  "node": <Redirect
    push={true}
    to="/login"
  />,
  "nodes": Array [
    <Redirect
      push={true}
      to="/login"
    />,
  ],
  "options": Object {},
  "renderer": ReactShallowRenderer {
    "_instance": ShallowComponentWrapper {
      "_calledComponentWillUnmount": false,
      "_compositeType": 2,
      "_context": Object {},
      "_currentElement": <CheckAuth
        shop="example.myshopify.com"
        token={null}
      >
        <h1>
          It's Ok
        </h1>
      </CheckAuth>,
      "_debugID": 3,
      "_hostContainerInfo": null,
      "_hostParent": null,
      "_instance": StatelessComponent {
        "_reactInternalInstance": [Circular],
        "context": Object {},
        "props": Object {
          "children": <h1>
            It's Ok
          </h1>,
          "shop": "example.myshopify.com",
          "token": null,
        },
        "refs": Object {},
        "state": null,
        "updater": Object {
          "enqueueCallback": [Function],
          "enqueueCallbackInternal": [Function],
          "enqueueElementInternal": [Function],
          "enqueueForceUpdate": [Function],
          "enqueueReplaceState": [Function],
          "enqueueSetState": [Function],
          "isMounted": [Function],
          "validateCallback": [Function],
        },
      },
      "_mountOrder": 2,
      "_pendingCallbacks": null,
      "_pendingElement": null,
      "_pendingForceUpdate": false,
      "_pendingReplaceState": false,
      "_pendingStateQueue": null,
      "_renderedComponent": NoopInternalComponent {
        "_currentElement": <Redirect
          push={true}
          to="/login"
        />,
        "_debugID": 4,
        "_renderedOutput": <Redirect
          push={true}
          to="/login"
        />,
      },
      "_renderedNodeType": 1,
      "_rootNodeID": 0,
      "_topLevelWrapper": null,
      "_updateBatchNumber": null,
      "_warnedAboutRefsInRender": false,
    },
    "getRenderOutput": [Function],
    "render": [Function],
  },
  "root": [Circular],
  "unrendered": <CheckAuth
    shop="example.myshopify.com"
    token={null}
  >
    <h1>
      It's Ok
    </h1>
  </CheckAuth>,
}
`;

exports[`Renders correctly with shop and token 1`] = `
<h1>
  It's Ok
</h1>
`;
